Get "http://localhost:9081/api/application?page_size=10000": no responder found
